00:07:49 INFO  : Platform repository initialization has completed.
00:07:49 INFO  : Registering command handlers for Vitis TCF services
00:07:49 INFO  : Launching XSCT server: xsct.bat -n  -interactive D:\Vivado_Projects\Assignment_3\pc\sw\temp_xsdb_launch_script.tcl
00:07:51 INFO  : XSCT server has started successfully.
00:07:54 INFO  : Successfully done setting XSCT server connection channel  
00:07:54 INFO  : plnx-install-location is set to ''
00:07:54 INFO  : Successfully done query RDI_DATADIR 
00:07:54 INFO  : Successfully done setting workspace for the tool. 
00:09:42 INFO  : Result from executing command 'getProjects': design_1_wrapper
00:09:42 INFO  : Result from executing command 'getPlatforms': 
00:09:42 WARN  : An unexpected exception occurred in the module 'platform project logging'
00:09:42 INFO  : Platform 'design_1_wrapper' is added to custom repositories.
00:09:50 INFO  : Platform 'design_1_wrapper' is added to custom repositories.
00:11:17 INFO  : Result from executing command 'getProjects': design_1_wrapper
00:11:17 INFO  : Result from executing command 'getPlatforms': design_1_wrapper|D:/Vivado_Projects/Assignment_3/pc/sw/design_1_wrapper/export/design_1_wrapper/design_1_wrapper.xpfm
00:11:18 INFO  : Checking for BSP changes to sync application flags for project 'scheduling'...
00:12:03 INFO  : Checking for BSP changes to sync application flags for project 'scheduling'...
00:12:06 INFO  : Checking for BSP changes to sync application flags for project 'scheduling'...
00:12:20 INFO  : Checking for BSP changes to sync application flags for project 'scheduling'...
00:23:18 INFO  : Checking for BSP changes to sync application flags for project 'scheduling'...
00:48:11 INFO  : Checking for BSP changes to sync application flags for project 'scheduling'...
00:49:19 INFO  : Checking for BSP changes to sync application flags for project 'scheduling'...
00:49:50 INFO  : Checking for BSP changes to sync application flags for project 'scheduling'...
00:52:01 INFO  : Checking for BSP changes to sync application flags for project 'scheduling'...
00:57:01 INFO  : Checking for BSP changes to sync application flags for project 'scheduling'...
01:17:00 INFO  : Checking for BSP changes to sync application flags for project 'scheduling'...
01:17:44 INFO  : Checking for BSP changes to sync application flags for project 'scheduling'...
01:18:02 INFO  : Checking for BSP changes to sync application flags for project 'scheduling'...
01:19:01 INFO  : Checking for BSP changes to sync application flags for project 'scheduling'...
01:19:15 INFO  : Checking for BSP changes to sync application flags for project 'scheduling'...
01:22:37 INFO  : Checking for BSP changes to sync application flags for project 'scheduling'...
11:57:33 INFO  : Launching XSCT server: xsct.bat -n  -interactive D:\Vivado_Projects\Assignment_3\pc\sw\temp_xsdb_launch_script.tcl
11:57:37 INFO  : XSCT server has started successfully.
11:57:37 INFO  : Platform repository initialization has completed.
11:57:37 INFO  : Registering command handlers for Vitis TCF services
11:57:42 INFO  : plnx-install-location is set to ''
11:57:42 INFO  : Successfully done setting XSCT server connection channel  
11:57:42 INFO  : Successfully done query RDI_DATADIR 
11:57:42 INFO  : Successfully done setting workspace for the tool. 
11:58:14 INFO  : Connected to target on host '127.0.0.1' and port '3121'.
11:58:14 INFO  : Jtag cable 'Digilent Zed 210248AC8896' is selected.
11:58:14 INFO  : 'jtag frequency' command is executed.
11:58:14 INFO  : 'targets -set -filter {jtag_cable_name =~ "Digilent Zed 210248AC8896" && level==0 && jtag_device_ctx=="jsn-Zed-210248AC8896-23727093-0"}' command is executed.
11:58:16 INFO  : Device configured successfully with "D:/Vivado_Projects/Assignment_3/pc/sw/scheduling/_ide/bitstream/design_1_wrapper.bit"
11:58:16 INFO  : Context for 'APU' is selected.
11:58:17 INFO  : Hardware design and registers information is loaded from 'D:/Vivado_Projects/Assignment_3/pc/sw/design_1_wrapper/export/design_1_wrapper/hw/design_1_wrapper.xsa'.
11:58:17 INFO  : 'configparams force-mem-access 1' command is executed.
11:58:17 INFO  : Context for 'APU' is selected.
11:58:17 INFO  : 'stop' command is executed.
11:58:17 INFO  : Sourcing of 'D:/Vivado_Projects/Assignment_3/pc/sw/scheduling/_ide/psinit/ps7_init.tcl' is done.
11:58:17 INFO  : 'ps7_init' command is executed.
11:58:17 INFO  : 'ps7_post_config' command is executed.
11:58:17 INFO  : Context for processor 'ps7_cortexa9_0' is selected.
11:58:17 INFO  : Processor reset is completed for 'ps7_cortexa9_0'.
11:58:17 INFO  : Context for processor 'ps7_cortexa9_0' is selected.
11:58:17 INFO  : The application 'D:/Vivado_Projects/Assignment_3/pc/sw/scheduling/Debug/scheduling.elf' is downloaded to processor 'ps7_cortexa9_0'.
11:58:17 INFO  : 'configparams force-mem-access 0' command is executed.
11:58:17 INFO  : ----------------XSDB Script----------------
connect -url tcp:127.0.0.1:3121
targets -set -filter {jtag_cable_name =~ "Digilent Zed 210248AC8896" && level==0 && jtag_device_ctx=="jsn-Zed-210248AC8896-23727093-0"}
fpga -file D:/Vivado_Projects/Assignment_3/pc/sw/scheduling/_ide/bitstream/design_1_wrapper.bit
targets -set -nocase -filter {name =~"APU*"}
loadhw -hw D:/Vivado_Projects/Assignment_3/pc/sw/design_1_wrapper/export/design_1_wrapper/hw/design_1_wrapper.xsa -mem-ranges [list {0x40000000 0xbfffffff}] -regs
configparams force-mem-access 1
targets -set -nocase -filter {name =~"APU*"}
stop
source D:/Vivado_Projects/Assignment_3/pc/sw/scheduling/_ide/psinit/ps7_init.tcl
ps7_init
ps7_post_config
targets -set -nocase -filter {name =~ "*A9*#0"}
rst -processor
targets -set -nocase -filter {name =~ "*A9*#0"}
dow D:/Vivado_Projects/Assignment_3/pc/sw/scheduling/Debug/scheduling.elf
configparams force-mem-access 0
----------------End of Script----------------

11:58:18 INFO  : Context for processor 'ps7_cortexa9_0' is selected.
11:58:18 INFO  : 'con' command is executed.
11:58:18 INFO  : ----------------XSDB Script (After Launch)----------------
targets -set -nocase -filter {name =~ "*A9*#0"}
con
----------------End of Script----------------

11:58:18 INFO  : Launch script is exported to file 'D:\Vivado_Projects\Assignment_3\pc\sw\scheduling_system\_ide\scripts\debugger_scheduling-default.tcl'
11:58:35 INFO  : Disconnected from the channel tcfchan#1.
11:58:36 INFO  : Connected to target on host '127.0.0.1' and port '3121'.
11:58:36 INFO  : Jtag cable 'Digilent Zed 210248AC8896' is selected.
11:58:36 INFO  : 'jtag frequency' command is executed.
11:58:36 INFO  : 'targets -set -filter {jtag_cable_name =~ "Digilent Zed 210248AC8896" && level==0 && jtag_device_ctx=="jsn-Zed-210248AC8896-23727093-0"}' command is executed.
11:58:38 INFO  : Device configured successfully with "D:/Vivado_Projects/Assignment_3/pc/sw/scheduling/_ide/bitstream/design_1_wrapper.bit"
11:58:38 INFO  : Context for 'APU' is selected.
11:58:41 INFO  : Hardware design and registers information is loaded from 'D:/Vivado_Projects/Assignment_3/pc/sw/design_1_wrapper/export/design_1_wrapper/hw/design_1_wrapper.xsa'.
11:58:41 INFO  : 'configparams force-mem-access 1' command is executed.
11:58:41 INFO  : Context for 'APU' is selected.
11:58:41 INFO  : 'stop' command is executed.
11:58:41 INFO  : Sourcing of 'D:/Vivado_Projects/Assignment_3/pc/sw/scheduling/_ide/psinit/ps7_init.tcl' is done.
11:58:41 INFO  : 'ps7_init' command is executed.
11:58:41 INFO  : 'ps7_post_config' command is executed.
11:58:41 INFO  : Context for processor 'ps7_cortexa9_0' is selected.
11:58:41 INFO  : Processor reset is completed for 'ps7_cortexa9_0'.
11:58:41 INFO  : Context for processor 'ps7_cortexa9_0' is selected.
11:58:42 INFO  : The application 'D:/Vivado_Projects/Assignment_3/pc/sw/scheduling/Debug/scheduling.elf' is downloaded to processor 'ps7_cortexa9_0'.
11:58:42 INFO  : 'configparams force-mem-access 0' command is executed.
11:58:42 INFO  : ----------------XSDB Script----------------
connect -url tcp:127.0.0.1:3121
targets -set -filter {jtag_cable_name =~ "Digilent Zed 210248AC8896" && level==0 && jtag_device_ctx=="jsn-Zed-210248AC8896-23727093-0"}
fpga -file D:/Vivado_Projects/Assignment_3/pc/sw/scheduling/_ide/bitstream/design_1_wrapper.bit
targets -set -nocase -filter {name =~"APU*"}
loadhw -hw D:/Vivado_Projects/Assignment_3/pc/sw/design_1_wrapper/export/design_1_wrapper/hw/design_1_wrapper.xsa -mem-ranges [list {0x40000000 0xbfffffff}] -regs
configparams force-mem-access 1
targets -set -nocase -filter {name =~"APU*"}
stop
source D:/Vivado_Projects/Assignment_3/pc/sw/scheduling/_ide/psinit/ps7_init.tcl
ps7_init
ps7_post_config
targets -set -nocase -filter {name =~ "*A9*#0"}
rst -processor
targets -set -nocase -filter {name =~ "*A9*#0"}
dow D:/Vivado_Projects/Assignment_3/pc/sw/scheduling/Debug/scheduling.elf
configparams force-mem-access 0
----------------End of Script----------------

11:58:42 INFO  : Context for processor 'ps7_cortexa9_0' is selected.
11:58:42 INFO  : 'con' command is executed.
11:58:42 INFO  : ----------------XSDB Script (After Launch)----------------
targets -set -nocase -filter {name =~ "*A9*#0"}
con
----------------End of Script----------------

11:58:42 INFO  : Launch script is exported to file 'D:\Vivado_Projects\Assignment_3\pc\sw\scheduling_system\_ide\scripts\debugger_scheduling-default.tcl'
11:59:28 INFO  : Disconnected from the channel tcfchan#2.
11:59:29 INFO  : Connected to target on host '127.0.0.1' and port '3121'.
11:59:29 INFO  : Jtag cable 'Digilent Zed 210248AC8896' is selected.
11:59:29 INFO  : 'jtag frequency' command is executed.
11:59:29 INFO  : 'targets -set -filter {jtag_cable_name =~ "Digilent Zed 210248AC8896" && level==0 && jtag_device_ctx=="jsn-Zed-210248AC8896-23727093-0"}' command is executed.
11:59:31 INFO  : Device configured successfully with "D:/Vivado_Projects/Assignment_3/pc/sw/scheduling/_ide/bitstream/design_1_wrapper.bit"
11:59:32 INFO  : Context for 'APU' is selected.
11:59:34 INFO  : Hardware design and registers information is loaded from 'D:/Vivado_Projects/Assignment_3/pc/sw/design_1_wrapper/export/design_1_wrapper/hw/design_1_wrapper.xsa'.
11:59:34 INFO  : 'configparams force-mem-access 1' command is executed.
11:59:34 INFO  : Context for 'APU' is selected.
11:59:34 INFO  : 'stop' command is executed.
11:59:34 INFO  : Sourcing of 'D:/Vivado_Projects/Assignment_3/pc/sw/scheduling/_ide/psinit/ps7_init.tcl' is done.
11:59:35 INFO  : 'ps7_init' command is executed.
11:59:35 INFO  : 'ps7_post_config' command is executed.
11:59:35 INFO  : Context for processor 'ps7_cortexa9_0' is selected.
11:59:35 INFO  : Processor reset is completed for 'ps7_cortexa9_0'.
11:59:35 INFO  : Context for processor 'ps7_cortexa9_0' is selected.
11:59:35 INFO  : The application 'D:/Vivado_Projects/Assignment_3/pc/sw/scheduling/Debug/scheduling.elf' is downloaded to processor 'ps7_cortexa9_0'.
11:59:35 INFO  : 'configparams force-mem-access 0' command is executed.
11:59:35 INFO  : ----------------XSDB Script----------------
connect -url tcp:127.0.0.1:3121
targets -set -filter {jtag_cable_name =~ "Digilent Zed 210248AC8896" && level==0 && jtag_device_ctx=="jsn-Zed-210248AC8896-23727093-0"}
fpga -file D:/Vivado_Projects/Assignment_3/pc/sw/scheduling/_ide/bitstream/design_1_wrapper.bit
targets -set -nocase -filter {name =~"APU*"}
loadhw -hw D:/Vivado_Projects/Assignment_3/pc/sw/design_1_wrapper/export/design_1_wrapper/hw/design_1_wrapper.xsa -mem-ranges [list {0x40000000 0xbfffffff}] -regs
configparams force-mem-access 1
targets -set -nocase -filter {name =~"APU*"}
stop
source D:/Vivado_Projects/Assignment_3/pc/sw/scheduling/_ide/psinit/ps7_init.tcl
ps7_init
ps7_post_config
targets -set -nocase -filter {name =~ "*A9*#0"}
rst -processor
targets -set -nocase -filter {name =~ "*A9*#0"}
dow D:/Vivado_Projects/Assignment_3/pc/sw/scheduling/Debug/scheduling.elf
configparams force-mem-access 0
----------------End of Script----------------

11:59:35 INFO  : Context for processor 'ps7_cortexa9_0' is selected.
11:59:35 INFO  : 'con' command is executed.
11:59:35 INFO  : ----------------XSDB Script (After Launch)----------------
targets -set -nocase -filter {name =~ "*A9*#0"}
con
----------------End of Script----------------

11:59:35 INFO  : Launch script is exported to file 'D:\Vivado_Projects\Assignment_3\pc\sw\scheduling_system\_ide\scripts\debugger_scheduling-default.tcl'
12:02:58 INFO  : Disconnected from the channel tcfchan#3.
12:02:59 INFO  : Connected to target on host '127.0.0.1' and port '3121'.
12:02:59 INFO  : Jtag cable 'Digilent Zed 210248AC8896' is selected.
12:02:59 INFO  : 'jtag frequency' command is executed.
12:03:00 INFO  : 'targets -set -filter {jtag_cable_name =~ "Digilent Zed 210248AC8896" && level==0 && jtag_device_ctx=="jsn-Zed-210248AC8896-23727093-0"}' command is executed.
12:03:02 INFO  : Device configured successfully with "D:/Vivado_Projects/Assignment_3/pc/sw/scheduling/_ide/bitstream/design_1_wrapper.bit"
12:03:02 INFO  : Context for 'APU' is selected.
12:03:04 INFO  : Hardware design and registers information is loaded from 'D:/Vivado_Projects/Assignment_3/pc/sw/design_1_wrapper/export/design_1_wrapper/hw/design_1_wrapper.xsa'.
12:03:04 INFO  : 'configparams force-mem-access 1' command is executed.
12:03:04 INFO  : Context for 'APU' is selected.
12:03:04 INFO  : 'stop' command is executed.
12:03:04 INFO  : Sourcing of 'D:/Vivado_Projects/Assignment_3/pc/sw/scheduling/_ide/psinit/ps7_init.tcl' is done.
12:03:05 INFO  : 'ps7_init' command is executed.
12:03:05 INFO  : 'ps7_post_config' command is executed.
12:03:05 INFO  : Context for processor 'ps7_cortexa9_0' is selected.
12:03:05 INFO  : Processor reset is completed for 'ps7_cortexa9_0'.
12:03:05 INFO  : Context for processor 'ps7_cortexa9_0' is selected.
12:03:05 INFO  : The application 'D:/Vivado_Projects/Assignment_3/pc/sw/scheduling/Debug/scheduling.elf' is downloaded to processor 'ps7_cortexa9_0'.
12:03:05 INFO  : 'configparams force-mem-access 0' command is executed.
12:03:05 INFO  : ----------------XSDB Script----------------
connect -url tcp:127.0.0.1:3121
targets -set -filter {jtag_cable_name =~ "Digilent Zed 210248AC8896" && level==0 && jtag_device_ctx=="jsn-Zed-210248AC8896-23727093-0"}
fpga -file D:/Vivado_Projects/Assignment_3/pc/sw/scheduling/_ide/bitstream/design_1_wrapper.bit
targets -set -nocase -filter {name =~"APU*"}
loadhw -hw D:/Vivado_Projects/Assignment_3/pc/sw/design_1_wrapper/export/design_1_wrapper/hw/design_1_wrapper.xsa -mem-ranges [list {0x40000000 0xbfffffff}] -regs
configparams force-mem-access 1
targets -set -nocase -filter {name =~"APU*"}
stop
source D:/Vivado_Projects/Assignment_3/pc/sw/scheduling/_ide/psinit/ps7_init.tcl
ps7_init
ps7_post_config
targets -set -nocase -filter {name =~ "*A9*#0"}
rst -processor
targets -set -nocase -filter {name =~ "*A9*#0"}
dow D:/Vivado_Projects/Assignment_3/pc/sw/scheduling/Debug/scheduling.elf
configparams force-mem-access 0
----------------End of Script----------------

12:03:05 INFO  : Context for processor 'ps7_cortexa9_0' is selected.
12:03:06 INFO  : 'con' command is executed.
12:03:06 INFO  : ----------------XSDB Script (After Launch)----------------
targets -set -nocase -filter {name =~ "*A9*#0"}
con
----------------End of Script----------------

12:03:06 INFO  : Launch script is exported to file 'D:\Vivado_Projects\Assignment_3\pc\sw\scheduling_system\_ide\scripts\debugger_scheduling-default.tcl'
12:32:24 INFO  : Disconnected from the channel tcfchan#4.
